00:00 +0: loading C:/Users/vonca/Desktop/Programming/VibeCode/UMakstore/UMakstore/test/generate_png_test.dart
